---
source: src/lib.rs
assertion_line: 280
expression: "parse_and_compile(\"-print0\")"
---
(use-modules (lipe) (lipe find) (ice-9 threads))

(let* ((%lf3:port:0 (current-output-port))
       (%lf3:mutex:1 (make-mutex))
       (%lf3:frame:2 (lambda (s d) (with-mutex %lf3:mutex:1 (display s %lf3:port:0) (display (string #\x1e d) %lf3:port:0))))
       (%lf3:print:2 (lambda (line) (%lf3:frame:2 line #\x02))))
  (dynamic-wind
    (lambda () #t)
    (lambda () (lipe-scan
        "/"
        (lipe-getopt-client-mount-path)
        (lambda () (call-with-relative-path %lf3:print:2))
        (lipe-getopt-required-attrs)
        (lipe-getopt-thread-count)))
    (lambda () #t)))
